2026-09-15T20:50:04.223 INFO kyclient - Kyber client. Revision 0.26.0-42-g643ee0e
2026-09-15T20:50:04.226 WARN kyclient::event_loop - TLS verification disabled - connection is NOT secure!
2026-09-15T20:50:04.226 WARN kyclient::platform::http - HTTP client: TLS verification DISABLED
2026-09-15T20:50:04.227 INFO kyclient - Get Host capabilities
2026-09-15T20:50:04.234 INFO kyclient - Logged in with uuid 'b0256fd3-283b-42f0-a37e-73fcc8cdbd43'
2026-09-15T20:50:04.234 INFO kyclient - Connect to Control Plane
2026-09-15T20:50:04.238 WARN kyclient::platform::tls - TLS verification SKIPPED - connection is NOT secure!
2026-09-15T20:50:04.239 INFO kyclient::platform::host_events - Waiting for control plane authentication...
2026-09-15T20:50:04.239 INFO kyclient::platform::host_events - Control plane authentified
2026-09-15T20:50:04.239 INFO kyclient - Enumerate displays
2026-09-15T20:50:04.239 INFO kyclient::platform::host_events - Setting timeout duration to 60s
2026-09-15T20:50:04.239 INFO kyclient - Got displays: [Display { id: 4227119652, height: 1080, width: 1920, x: 0, y: 0 }]
2026-09-15T20:50:04.239 INFO kyclient - Display list updated: [Display { id: 4227119652, height: 1080, width: 1920, x: 0, y: 0 }]
2026-09-15T20:50:04.239 INFO kyclient::event_loop - Spout output enabled: running windowless (display id Some(4227119652))
2026-09-15T20:50:04.239 INFO kyclient::event_loop - Display list updated
2026-09-15T20:50:04.239 INFO kyclient - Start streaming session
2026-09-15T20:50:04.239 INFO kyclient - StreamingSessionConfig
2026-09-15T20:50:04.239 INFO kyclient - 	protocol: Kymux
2026-09-15T20:50:04.239 INFO kyclient - 		backend: Quic
2026-09-15T20:50:04.239 INFO kyclient - 		video_protocol: Some(Reliable)
2026-09-15T20:50:04.239 INFO kyclient - 		audio_protocol: Some(Reliable)
2026-09-15T20:50:04.239 INFO kyclient - 	bitrate: 20000000
2026-09-15T20:50:04.239 INFO kyclient - 	Video session 0
2026-09-15T20:50:04.239 INFO kyclient - 		display_id: 4227119652
2026-09-15T20:50:04.239 INFO kyclient - 		codec: H264
2026-09-15T20:50:04.239 INFO kyclient - 		yuv444: false
2026-09-15T20:50:04.239 INFO kyclient - 		intra_refresh: None
2026-09-15T20:50:04.239 INFO kyclient - 		video_buffer: 0
2026-09-15T20:50:04.239 INFO kyclient - 	audio: false
2026-09-15T20:50:04.240 INFO kyclient - 	input: false
2026-09-15T20:50:04.240 INFO kyclient::kymux_backend - Connect using Quic backend. Port: 9150
2026-09-15T20:50:04.255 INFO kyclient::kymux_backend::host_service - Session started. SessionId: 352771281
2026-09-15T20:50:04.255 INFO kyclient::kymux_backend - Using video protocol: Reliable
2026-09-15T20:50:04.342 INFO kyvlcplayer::player - Play video. URI: kymux://127.0.0.1:9090/0
2026-09-15T20:50:04.342 INFO vlc - Audio regulator: kyaudioreg
2026-09-15T20:50:04.434 INFO kyvlcplayer::player - Spout output enabled (D3D11 zero-copy): sender 'bench-out'
2026-09-15T20:50:04.435 INFO kyclient::event_loop - Bitrate changed: 20000000
2026-09-15T20:50:04.435 INFO kycom::connection - TCP connection for endpoint 0
2026-09-15T20:50:04.435 INFO kyclient - Player started
2026-09-15T20:50:04.439 WARN vlc - external ID3D11DeviceContext mutex not provided, using internal one
2026-09-15T20:50:04.443 INFO vlc - Using D3D11VA (AMD  Radeon RX 7800 XT, vendor 1002(ATI), device 747e, revision c8)
2026-09-15T20:50:04.443 WARN vlc - window size missing
2026-09-15T20:56:17.267 INFO kyclient - Disconnect requested by user
2026-09-15T20:56:17.267 INFO kyclient - Stop backend
2026-09-15T20:56:17.267 INFO kyclient::kymux_backend::desktop - Stop player
2026-09-15T20:56:17.267 INFO kyvlcplayer::player - Stop video player
2026-09-15T20:56:17.267 ERROR kyproto::control - ControlError("read error")
2026-09-15T20:56:17.267 INFO kycom::server - VideoClientProtocol forwarder ended with result ProtocolError("read error")
2026-09-15T20:56:17.267 ERROR kyproto::router - RouterError("accept_uni() failed: ConnectionError(\"closed\")")
2026-09-15T20:56:17.267 ERROR kyproto::router - RouterError("accept_bi() failed: ConnectionError(\"closed\")")
2026-09-15T20:56:17.267 ERROR kyproto::router - RouterError("read_datagram() failed: ConnectionError(\"closed\")")
2026-09-15T20:56:17.271 INFO kyclient::kymux_backend::desktop - Player stopped
2026-09-15T20:56:17.272 INFO kyvlcplayer::player - Spout output 'bench-out': D3D11 output torn down
2026-09-15T20:56:17.283 WARN kyproto::router - Task accept_uni seems to be already stopped
2026-09-15T20:56:17.283 WARN kyproto::router - Task accept_bi seems to be already stopped
2026-09-15T20:56:17.283 WARN kyproto::router - Task recv_datagrams seems to be already stopped
2026-09-15T20:56:17.283 WARN kyproto::control - Task control recv_msgs seems to be already stopped
2026-09-15T20:56:17.283 INFO kyclient - Request to log out and stop host session
2026-09-15T20:56:17.285 WARN kyclient::platform::host_events - Control WS receive failed: Protocol(ResetWithoutClosingHandshake)
2026-09-15T20:56:17.347 INFO kyclient - Logged out, session stopped
2026-09-15T20:56:17.348 WARN kyclient::platform::host_events - HostEvent task stop send request failed
2026-09-15T20:56:17.348 INFO kyclient - HostEventHandler stopped
2026-09-15T20:56:17.348 WARN kyclient - ControlPlaneClosed. Reason: Closed { was_clean: false, code: None, reason: None }
2026-09-15T20:56:17.348 INFO kyclient::event_loop - Stopped: Requested - exiting
2026-09-15T20:56:17.348 INFO kyclient::platform::mainloop_engine - Main loop stopped
2026-09-15T20:56:17.348 WARN kyclient::event_loop - Stopped: ControlPlaneClosed - exiting
2026-09-15T20:56:17.348 WARN kyclient::platform::mainloop_engine - MainloopEngine already stopped
2026-09-15T20:56:17.348 WARN kyclient::event_loop - client.stop() during Stopped event: Generic
2026-09-15T20:56:17.348 WARN kyclient::platform::mainloop_engine - MainloopEngine already stopped
