2026-09-14T08:14:26.915 INFO kyclient - Kyber client. Revision 0.26.0-42-g643ee0e
2026-09-14T08:14:26.918 WARN kyclient::event_loop - TLS verification disabled - connection is NOT secure!
2026-09-14T08:14:26.918 WARN kyclient::platform::http - HTTP client: TLS verification DISABLED
2026-09-14T08:14:26.919 INFO kyclient - Get Host capabilities
2026-09-14T08:14:26.925 INFO kyclient - Logged in with uuid 'ea1a8dd1-f73c-4084-8c82-5fd7efbaeca2'
2026-09-14T08:14:26.926 INFO kyclient - Connect to Control Plane
2026-09-14T08:14:26.929 WARN kyclient::platform::tls - TLS verification SKIPPED - connection is NOT secure!
2026-09-14T08:14:26.930 INFO kyclient::platform::host_events - Waiting for control plane authentication...
2026-09-14T08:14:26.930 INFO kyclient::platform::host_events - Control plane authentified
2026-09-14T08:14:26.930 INFO kyclient - Enumerate displays
2026-09-14T08:14:26.930 INFO kyclient::platform::host_events - Setting timeout duration to 60s
2026-09-14T08:14:26.930 INFO kyclient - Got displays: [Display { id: 4227119652, height: 1080, width: 1920, x: 0, y: 0 }]
2026-09-14T08:14:26.931 INFO kyclient - Display list updated: [Display { id: 4227119652, height: 1080, width: 1920, x: 0, y: 0 }]
2026-09-14T08:14:26.931 INFO kyclient::event_loop - Spout output enabled: running windowless (display id Some(4227119652))
2026-09-14T08:14:26.931 INFO kyclient::event_loop - Display list updated
2026-09-14T08:14:26.931 INFO kyclient - Start streaming session
2026-09-14T08:14:26.931 INFO kyclient - StreamingSessionConfig
2026-09-14T08:14:26.931 INFO kyclient - 	protocol: Kymux
2026-09-14T08:14:26.931 INFO kyclient - 		backend: Quic
2026-09-14T08:14:26.931 INFO kyclient - 		video_protocol: Some(Reliable)
2026-09-14T08:14:26.931 INFO kyclient - 		audio_protocol: Some(Reliable)
2026-09-14T08:14:26.931 INFO kyclient - 	bitrate: 20000000
2026-09-14T08:14:26.931 INFO kyclient - 	Video session 0
2026-09-14T08:14:26.931 INFO kyclient - 		display_id: 4227119652
2026-09-14T08:14:26.931 INFO kyclient - 		codec: H264
2026-09-14T08:14:26.931 INFO kyclient - 		yuv444: false
2026-09-14T08:14:26.931 INFO kyclient - 		intra_refresh: None
2026-09-14T08:14:26.931 INFO kyclient - 		video_buffer: 0
2026-09-14T08:14:26.931 INFO kyclient - 	audio: false
2026-09-14T08:14:26.931 INFO kyclient - 	input: false
2026-09-14T08:14:26.932 INFO kyclient::kymux_backend - Connect using Quic backend. Port: 9150
2026-09-14T08:14:26.947 INFO kyclient::kymux_backend::host_service - Session started. SessionId: 1833677727
2026-09-14T08:14:26.947 INFO kyclient::kymux_backend - Using video protocol: Reliable
2026-09-14T08:14:27.040 INFO kyvlcplayer::player - Play video. URI: kymux://127.0.0.1:9090/0
2026-09-14T08:14:27.040 INFO vlc - Audio regulator: kyaudioreg
2026-09-14T08:14:27.129 INFO kyvlcplayer::player - Spout output enabled (D3D11 zero-copy): sender 'bench-out'
2026-09-14T08:14:27.129 INFO kyclient::event_loop - Bitrate changed: 20000000
2026-09-14T08:14:27.130 INFO kycom::connection - TCP connection for endpoint 0
2026-09-14T08:14:27.130 INFO kyclient - Player started
2026-09-14T08:14:27.134 WARN vlc - external ID3D11DeviceContext mutex not provided, using internal one
2026-09-14T08:14:27.141 INFO vlc - Using D3D11VA (AMD  Radeon RX 7800 XT, vendor 1002(ATI), device 747e, revision c8)
2026-09-14T08:14:27.141 WARN vlc - window size missing
