2026-09-15T07:24:56.134 INFO kyclient - Kyber client. Revision 0.26.0-42-g643ee0e
2026-09-15T07:24:56.137 WARN kyclient::event_loop - TLS verification disabled - connection is NOT secure!
2026-09-15T07:24:56.137 WARN kyclient::platform::http - HTTP client: TLS verification DISABLED
2026-09-15T07:24:56.137 INFO kyclient - Get Host capabilities
2026-09-15T07:24:56.145 INFO kyclient - Logged in with uuid '20f35cbb-8c1a-4063-a88c-3b2541a88181'
2026-09-15T07:24:56.145 INFO kyclient - Connect to Control Plane
2026-09-15T07:24:56.150 WARN kyclient::platform::tls - TLS verification SKIPPED - connection is NOT secure!
2026-09-15T07:24:56.150 INFO kyclient::platform::host_events - Waiting for control plane authentication...
2026-09-15T07:24:56.151 INFO kyclient::platform::host_events - Control plane authentified
2026-09-15T07:24:56.151 INFO kyclient - Enumerate displays
2026-09-15T07:24:56.151 INFO kyclient::platform::host_events - Setting timeout duration to 60s
2026-09-15T07:24:56.151 INFO kyclient - Got displays: [Display { id: 4227119652, height: 1080, width: 1920, x: 0, y: 0 }]
2026-09-15T07:24:56.151 INFO kyclient - Display list updated: [Display { id: 4227119652, height: 1080, width: 1920, x: 0, y: 0 }]
2026-09-15T07:24:56.151 INFO kyclient::event_loop - Spout output enabled: running windowless (display id Some(4227119652))
2026-09-15T07:24:56.151 INFO kyclient::event_loop - Display list updated
2026-09-15T07:24:56.151 INFO kyclient - Start streaming session
2026-09-15T07:24:56.151 INFO kyclient - StreamingSessionConfig
2026-09-15T07:24:56.151 INFO kyclient - 	protocol: Kymux
2026-09-15T07:24:56.151 INFO kyclient - 		backend: Quic
2026-09-15T07:24:56.151 INFO kyclient - 		video_protocol: Some(Reliable)
2026-09-15T07:24:56.151 INFO kyclient - 		audio_protocol: Some(Reliable)
2026-09-15T07:24:56.151 INFO kyclient - 	bitrate: 2000000
2026-09-15T07:24:56.151 INFO kyclient - 	Video session 0
2026-09-15T07:24:56.151 INFO kyclient - 		display_id: 4227119652
2026-09-15T07:24:56.151 INFO kyclient - 		codec: H264
2026-09-15T07:24:56.151 INFO kyclient - 		yuv444: false
2026-09-15T07:24:56.151 INFO kyclient - 		intra_refresh: None
2026-09-15T07:24:56.151 INFO kyclient - 		video_buffer: 0
2026-09-15T07:24:56.151 INFO kyclient - 	audio: false
2026-09-15T07:24:56.151 INFO kyclient - 	input: false
2026-09-15T07:24:56.152 INFO kyclient::kymux_backend - Connect using Quic backend. Port: 9150
2026-09-15T07:24:56.170 INFO kyclient::kymux_backend::host_service - Session started. SessionId: 2258339420
2026-09-15T07:24:56.170 INFO kyclient::kymux_backend - Using video protocol: Reliable
2026-09-15T07:24:56.292 INFO kyvlcplayer::player - Play video. URI: kymux://127.0.0.1:9090/0
2026-09-15T07:24:56.293 INFO vlc - Audio regulator: kyaudioreg
2026-09-15T07:24:56.391 INFO kyvlcplayer::player - Spout output enabled (D3D11 zero-copy): sender 'bench-out'
2026-09-15T07:24:56.391 INFO kyclient::event_loop - Bitrate changed: 2000000
2026-09-15T07:24:56.392 INFO kycom::connection - TCP connection for endpoint 0
2026-09-15T07:24:56.392 INFO kyclient - Player started
2026-09-15T07:24:56.395 WARN vlc - external ID3D11DeviceContext mutex not provided, using internal one
2026-09-15T07:24:56.402 INFO vlc - Using D3D11VA (AMD  Radeon RX 7800 XT, vendor 1002(ATI), device 747e, revision c8)
2026-09-15T07:24:56.402 WARN vlc - window size missing
