2026-09-15T20:36:16.354 INFO kyclient - Kyber client. Revision 0.26.0-42-g643ee0e
2026-09-15T20:36:16.357 WARN kyclient::event_loop - TLS verification disabled - connection is NOT secure!
2026-09-15T20:36:16.357 WARN kyclient::platform::http - HTTP client: TLS verification DISABLED
2026-09-15T20:36:16.357 INFO kyclient - Get Host capabilities
2026-09-15T20:36:16.364 INFO kyclient - Logged in with uuid 'd8fe911f-ce74-4d21-9e5d-cf846965368f'
2026-09-15T20:36:16.364 INFO kyclient - Connect to Control Plane
2026-09-15T20:36:16.369 WARN kyclient::platform::tls - TLS verification SKIPPED - connection is NOT secure!
2026-09-15T20:36:16.369 INFO kyclient::platform::host_events - Waiting for control plane authentication...
2026-09-15T20:36:16.369 INFO kyclient::platform::host_events - Control plane authentified
2026-09-15T20:36:16.369 INFO kyclient - Enumerate displays
2026-09-15T20:36:16.369 INFO kyclient::platform::host_events - Setting timeout duration to 60s
2026-09-15T20:36:16.370 INFO kyclient - Got displays: [Display { id: 4227119652, height: 1080, width: 1920, x: 0, y: 0 }]
2026-09-15T20:36:16.370 INFO kyclient - Display list updated: [Display { id: 4227119652, height: 1080, width: 1920, x: 0, y: 0 }]
2026-09-15T20:36:16.370 INFO kyclient::event_loop - Spout output enabled: running windowless (display id Some(4227119652))
2026-09-15T20:36:16.370 INFO kyclient::event_loop - Display list updated
2026-09-15T20:36:16.370 INFO kyclient - Start streaming session
2026-09-15T20:36:16.370 INFO kyclient - StreamingSessionConfig
2026-09-15T20:36:16.370 INFO kyclient - 	protocol: Kymux
2026-09-15T20:36:16.370 INFO kyclient - 		backend: Quic
2026-09-15T20:36:16.370 INFO kyclient - 		video_protocol: Some(Reliable)
2026-09-15T20:36:16.370 INFO kyclient - 		audio_protocol: Some(Reliable)
2026-09-15T20:36:16.370 INFO kyclient - 	bitrate: 20000000
2026-09-15T20:36:16.370 INFO kyclient - 	Video session 0
2026-09-15T20:36:16.370 INFO kyclient - 		display_id: 4227119652
2026-09-15T20:36:16.370 INFO kyclient - 		codec: H264
2026-09-15T20:36:16.370 INFO kyclient - 		yuv444: false
2026-09-15T20:36:16.370 INFO kyclient - 		intra_refresh: None
2026-09-15T20:36:16.370 INFO kyclient - 		video_buffer: 0
2026-09-15T20:36:16.370 INFO kyclient - 	audio: false
2026-09-15T20:36:16.370 INFO kyclient - 	input: false
2026-09-15T20:36:16.371 INFO kyclient::kymux_backend - Connect using Quic backend. Port: 9150
2026-09-15T20:36:16.386 INFO kyclient::kymux_backend::host_service - Session started. SessionId: 3266350294
2026-09-15T20:36:16.387 INFO kyclient::kymux_backend - Using video protocol: Reliable
2026-09-15T20:36:19.043 INFO kyvlcplayer::player - Play video. URI: kymux://127.0.0.1:9090/0
2026-09-15T20:36:19.043 INFO vlc - Audio regulator: kyaudioreg
2026-09-15T20:36:19.137 INFO kyvlcplayer::player - Spout output enabled (D3D11 zero-copy): sender 'bench-out'
2026-09-15T20:36:19.137 INFO kyclient::event_loop - Bitrate changed: 20000000
2026-09-15T20:36:19.138 INFO kycom::connection - TCP connection for endpoint 0
2026-09-15T20:36:19.138 INFO kyclient - Player started
2026-09-15T20:36:19.142 WARN vlc - external ID3D11DeviceContext mutex not provided, using internal one
2026-09-15T20:36:19.147 INFO vlc - Using D3D11VA (AMD  Radeon RX 7800 XT, vendor 1002(ATI), device 747e, revision c8)
2026-09-15T20:36:19.147 WARN vlc - window size missing
2026-09-15T20:42:32.146 INFO kyclient - Disconnect requested by user
2026-09-15T20:42:32.146 INFO kyclient - Stop backend
2026-09-15T20:42:32.146 INFO kyclient::kymux_backend::desktop - Stop player
2026-09-15T20:42:32.146 INFO kyvlcplayer::player - Stop video player
2026-09-15T20:42:32.146 ERROR kyproto::control - ControlError("read error")
2026-09-15T20:42:32.146 INFO kycom::server - VideoClientProtocol forwarder ended with result ProtocolError("read error")
2026-09-15T20:42:32.147 WARN kyclient::kymux_backend::metrics - Remote metrics receiver error: KyProtoProtocolError(ProtocolError("read error"))
2026-09-15T20:42:32.147 WARN kyclient::kymux_backend::metrics - Remote video metrics receiver error: KyProtoProtocolError(ProtocolError("read error"))
2026-09-15T20:42:32.147 ERROR kyproto::router - RouterError("accept_uni() failed: ConnectionError(\"closed\")")
2026-09-15T20:42:32.147 ERROR kyproto::router - RouterError("accept_bi() failed: ConnectionError(\"closed\")")
2026-09-15T20:42:32.147 ERROR kyproto::router - RouterError("read_datagram() failed: ConnectionError(\"closed\")")
2026-09-15T20:42:32.152 INFO kyclient::kymux_backend::desktop - Player stopped
2026-09-15T20:42:32.153 INFO kyvlcplayer::player - Spout output 'bench-out': D3D11 output torn down
2026-09-15T20:42:32.163 WARN kyproto::router - Task accept_uni seems to be already stopped
2026-09-15T20:42:32.163 WARN kyproto::router - Task accept_bi seems to be already stopped
2026-09-15T20:42:32.163 WARN kyproto::router - Task recv_datagrams seems to be already stopped
2026-09-15T20:42:32.163 WARN kyproto::control - Task control recv_msgs seems to be already stopped
2026-09-15T20:42:32.163 INFO kyclient - Request to log out and stop host session
2026-09-15T20:42:32.164 WARN kyclient::platform::host_events - Control WS receive failed: Protocol(ResetWithoutClosingHandshake)
2026-09-15T20:42:32.226 INFO kyclient - Logged out, session stopped
2026-09-15T20:42:32.226 WARN kyclient::platform::host_events - HostEvent task stop send request failed
2026-09-15T20:42:32.226 INFO kyclient - HostEventHandler stopped
2026-09-15T20:42:32.226 WARN kyclient - ControlPlaneClosed. Reason: Closed { was_clean: false, code: None, reason: None }
2026-09-15T20:42:32.226 INFO kyclient::event_loop - Stopped: Requested - exiting
2026-09-15T20:42:32.226 INFO kyclient::platform::mainloop_engine - Main loop stopped
2026-09-15T20:42:32.227 WARN kyclient::event_loop - Stopped: ControlPlaneClosed - exiting
2026-09-15T20:42:32.227 WARN kyclient::platform::mainloop_engine - MainloopEngine already stopped
2026-09-15T20:42:32.227 WARN kyclient::event_loop - client.stop() during Stopped event: Generic
2026-09-15T20:42:32.227 WARN kyclient::platform::mainloop_engine - MainloopEngine already stopped
