2026-09-15T07:13:56.688 INFO kyclient - Kyber client. Revision 0.26.0-42-g643ee0e
2026-09-15T07:13:56.691 WARN kyclient::event_loop - TLS verification disabled - connection is NOT secure!
2026-09-15T07:13:56.691 WARN kyclient::platform::http - HTTP client: TLS verification DISABLED
2026-09-15T07:13:56.691 INFO kyclient - Get Host capabilities
2026-09-15T07:13:56.698 INFO kyclient - Logged in with uuid 'f36ac5c9-102a-486e-a0a7-31fc47a7d6f8'
2026-09-15T07:13:56.698 INFO kyclient - Connect to Control Plane
2026-09-15T07:13:56.702 WARN kyclient::platform::tls - TLS verification SKIPPED - connection is NOT secure!
2026-09-15T07:13:56.702 INFO kyclient::platform::host_events - Waiting for control plane authentication...
2026-09-15T07:13:56.702 INFO kyclient::platform::host_events - Control plane authentified
2026-09-15T07:13:56.702 INFO kyclient - Enumerate displays
2026-09-15T07:13:56.702 INFO kyclient::platform::host_events - Setting timeout duration to 60s
2026-09-15T07:13:56.703 INFO kyclient - Got displays: [Display { id: 4227119652, height: 1080, width: 1920, x: 0, y: 0 }]
2026-09-15T07:13:56.703 INFO kyclient - Display list updated: [Display { id: 4227119652, height: 1080, width: 1920, x: 0, y: 0 }]
2026-09-15T07:13:56.703 INFO kyclient::event_loop - Spout output enabled: running windowless (display id Some(4227119652))
2026-09-15T07:13:56.703 INFO kyclient::event_loop - Display list updated
2026-09-15T07:13:56.703 INFO kyclient - Start streaming session
2026-09-15T07:13:56.703 INFO kyclient - StreamingSessionConfig
2026-09-15T07:13:56.703 INFO kyclient - 	protocol: Kymux
2026-09-15T07:13:56.703 INFO kyclient - 		backend: Quic
2026-09-15T07:13:56.703 INFO kyclient - 		video_protocol: Some(Reliable)
2026-09-15T07:13:56.703 INFO kyclient - 		audio_protocol: Some(Reliable)
2026-09-15T07:13:56.703 INFO kyclient - 	bitrate: 5000000
2026-09-15T07:13:56.703 INFO kyclient - 	Video session 0
2026-09-15T07:13:56.703 INFO kyclient - 		display_id: 4227119652
2026-09-15T07:13:56.703 INFO kyclient - 		codec: H264
2026-09-15T07:13:56.703 INFO kyclient - 		yuv444: false
2026-09-15T07:13:56.703 INFO kyclient - 		intra_refresh: None
2026-09-15T07:13:56.703 INFO kyclient - 		video_buffer: 0
2026-09-15T07:13:56.703 INFO kyclient - 	audio: false
2026-09-15T07:13:56.703 INFO kyclient - 	input: false
2026-09-15T07:13:56.704 INFO kyclient::kymux_backend - Connect using Quic backend. Port: 9150
2026-09-15T07:13:56.720 INFO kyclient::kymux_backend::host_service - Session started. SessionId: 478380078
2026-09-15T07:13:56.720 INFO kyclient::kymux_backend - Using video protocol: Reliable
2026-09-15T07:14:02.561 INFO kyvlcplayer::player - Play video. URI: kymux://127.0.0.1:9090/0
2026-09-15T07:14:02.562 INFO vlc - Audio regulator: kyaudioreg
2026-09-15T07:14:02.658 INFO kyvlcplayer::player - Spout output enabled (D3D11 zero-copy): sender 'bench-out'
2026-09-15T07:14:02.658 INFO kyclient::event_loop - Bitrate changed: 5000000
2026-09-15T07:14:02.659 INFO kycom::connection - TCP connection for endpoint 0
2026-09-15T07:14:02.660 INFO kyclient - Player started
2026-09-15T07:14:02.666 WARN vlc - external ID3D11DeviceContext mutex not provided, using internal one
2026-09-15T07:14:02.672 INFO vlc - Using D3D11VA (AMD  Radeon RX 7800 XT, vendor 1002(ATI), device 747e, revision c8)
2026-09-15T07:14:02.672 WARN vlc - window size missing
