2026-09-15T07:13:52.716 INFO kycontroller - Kyber controller. Revision 0.20.0-66-gb29f8f4
2026-09-15T07:13:52.722 INFO kycontroller::config - Using configuration file "\\\\?\\C:\\Users\\trist\\Workspace\\KyberFrog_WS2\\kyberfrog\\bench\\runs\\2026-09-14-step3\\k-k-min\\kyber_config.toml"
2026-09-15T07:13:52.730 INFO kycontroller::auth::basic - Basic backend initialized with 1 expected user identities
2026-09-15T07:13:52.730 INFO kycontroller::auth::jwt - JWT backend initialized with algorithm HS256
2026-09-15T07:13:52.730 INFO libkypc::transport::ipc::windows - Creating NamedPipe listener factory, using instance ID 19152-0
2026-09-15T07:13:52.732 INFO kycontroller - Starting watchdog
2026-09-15T07:13:52.842 INFO libkypc::process::windows - Windows Job Object created for child process
2026-09-15T07:13:53.115[20300] INFO kyavserver - Process is now DPI aware
2026-09-15T07:13:53.115[20300] INFO kyavservice - AV service started
2026-09-15T07:13:53.116[20300] INFO kyavservice::config - Using configuration file "\\\\?\\C:\\Users\\trist\\Workspace\\KyberFrog_WS2\\kyberfrog\\bench\\runs\\2026-09-14-step3\\k-k-min\\kyber_config.toml"
2026-09-15T07:13:53.116[20300] INFO kyavservice - Start display enumeration
2026-09-15T07:13:53.176[20300] INFO txproto::spout - Spout: New sender registered: "kybench-src" (1920x1080)
2026-09-15T07:13:53.176[20300] INFO txproto::spout - Spout: New sender registered: "kybench-src" (1920x1080)
2026-09-15T07:13:53.177 INFO kycontroller - Got initial displays: [Display { id: 4227119652, name: "kybench-src", height: 1080, width: 1920, x: 0, y: 0 }]
2026-09-15T07:13:53.177 INFO kycontroller - HTTP listening on port 9150
2026-09-15T07:13:53.177 INFO kycontroller - Webclient root not found
2026-09-15T07:13:53.177 INFO actix_server::builder - starting 12 workers
2026-09-15T07:13:53.177 INFO actix_server::server - Actix runtime found; starting in Actix runtime
2026-09-15T07:13:53.177 INFO actix_server::server - starting service: "actix-web-service-[::]:9150", workers: 12, listening on: [::]:9150
2026-09-15T07:13:56.697 INFO actix_web::middleware::logger - ::ffff:127.0.0.1 "GET /capabilities HTTP/1.1" 200 46 "-" "-" 0.000193
2026-09-15T07:13:56.698 INFO kycontroller - Logging in "vj"...
2026-09-15T07:13:56.698 INFO actix_web::middleware::logger - ::ffff:127.0.0.1 "POST /session/login HTTP/1.1" 200 189 "-" "-" 0.000141
2026-09-15T07:13:56.702 INFO kycontroller - Websocket token validated and consumed for session f36ac5c9-102a-486e-a0a7-31fc47a7d6f8
2026-09-15T07:13:56.702 INFO kycontroller - Session "f36ac5c9-102a-486e-a0a7-31fc47a7d6f8" controlplane connected
2026-09-15T07:13:56.703 INFO actix_web::middleware::logger - ::ffff:127.0.0.1 "GET /enumerate_displays HTTP/1.1" 200 79 "-" "-" 0.000055
2026-09-15T07:13:56.703 INFO kycontroller::kymux_controller - Starting common Kymux server on address [::]:9150 (supports QUIC + WebTransport)
2026-09-15T07:13:56.703 INFO kycontroller::kymux_controller - Generating short-lived certificate for WebTransport compatibility
2026-09-15T07:13:56.703 INFO kycontroller::kymux_controller - Generated certificate with hash: 68ade51f14904bfa9be001e1fa57fdd1c86527c17fb77786ceaf72059b61e8ca
2026-09-15T07:13:56.704 INFO kycontroller::kymux_controller::requests - Kymux started. Public port: 9150
2026-09-15T07:13:56.704 INFO actix_web::middleware::logger - ::ffff:127.0.0.1 "POST /kymux/start_mux HTTP/1.1" 200 269 "-" "-" 0.000549
2026-09-15T07:13:56.704 INFO kycontroller::kymux_controller::server - Waiting for Kymux connections
2026-09-15T07:13:56.706 INFO kycontroller::kymux_controller::server - Kymux connection accepted
2026-09-15T07:13:56.706 INFO kycontroller::kymux_controller::server - Connection routed to session f36ac5c9-102a-486e-a0a7-31fc47a7d6f8
2026-09-15T07:13:56.706 INFO kycontroller::kymux_controller - Connection received for session f36ac5c9-102a-486e-a0a7-31fc47a7d6f8
2026-09-15T07:13:56.706 INFO kycontroller::avservices_manager - Start Video avservice for display 4227119652 (Shared { display_id: 4227119652 })
2026-09-15T07:13:56.708 INFO libkypc::process::windows - Windows Job Object created for child process
2026-09-15T07:13:56.719[15340] INFO kyavserver - Process is now DPI aware
2026-09-15T07:13:56.719[15340] INFO kyavservice - AV service started
2026-09-15T07:13:56.719[15340] INFO kyavservice::config - Using configuration file "\\\\?\\C:\\Users\\trist\\Workspace\\KyberFrog_WS2\\kyberfrog\\bench\\runs\\2026-09-14-step3\\k-k-min\\kyber_config.toml"
2026-09-15T07:13:56.719[15340] INFO kyavservice - Start Kymux Video: URI "kymux://127.0.0.1:9091/0", bitrate: 5000000, codec: H264, yuv444: false, intra_refresh: None
2026-09-15T07:13:56.719 WARN kycontroller::kymux_controller - Audio disabled
2026-09-15T07:13:56.719 WARN kycontroller::kymux_controller - Input server disabled
2026-09-15T07:13:56.719 INFO kycontroller::kymux_controller::requests - Session started. SessionId: 478380078
2026-09-15T07:13:56.719 INFO actix_web::middleware::logger - ::ffff:127.0.0.1 "POST /kymux/start_session HTTP/1.1" 200 156 "-" "-" 0.013668
2026-09-15T07:13:56.720[15340] INFO kyavservice::kymux - Start video, using clock ZeroedOrigin
2026-09-15T07:13:56.720[15340] INFO txproto::packet sink - connecting to URI: kymux://127.0.0.1:9091/0
2026-09-15T07:13:56.721 INFO kycom::connection - TCP connection for endpoint 0
2026-09-15T07:13:56.721[15340] INFO txproto::packet sink - connected to kymux://127.0.0.1:9091/0
2026-09-15T07:13:56.721[15340] INFO kyavservice::video - register_io_cb with api_list: ["spout", "wasapi"]
2026-09-15T07:13:56.778[15340] INFO txproto::spout - Spout: New sender registered: "kybench-src" (1920x1080)
2026-09-15T07:13:56.778[15340] INFO txproto::spout - Spout: New sender registered: "kybench-src" (1920x1080)
2026-09-15T07:13:56.778[15340] INFO kyavservice::video - Start screen grab on display 4227119652
2026-09-15T07:13:56.778[15340] INFO kyavservice::video - Forcing Spout sender "kybench-src" (id 0xFBF4BA24), ignoring requested display 4227119652
2026-09-15T07:13:56.778[15340] INFO txproto::tx - Using 'spout' backend for video capture
2026-09-15T07:13:56.780[15340] INFO kyavservice::video - libx264 encoder configuration dump:
[kyavserver.video_encoder_config]
preset = "ultrafast"
b = 5000000
flags = "+global_header"
x264-params = "force-cfr=0"
tune = "zerolatency"

2026-09-15T07:13:56.780[15340] INFO kyavservice::video - Create encoder libx264
2026-09-15T07:13:56.781[15340] INFO txproto::spout - Sender sync: access mutex present, frame counting present
2026-09-15T07:13:56.782[15340] INFO txproto::spout - Bound sender texture 1920x1080 (bgra)
2026-09-15T07:13:56.782[15340] INFO txproto::kybench-src - First frame acquired
2026-09-15T07:13:56.794[15340] INFO txproto::libx264 - using cpu capabilities: MMX2 SSE2Fast SSSE3 SSE4.2 AVX FMA3 BMI2 AVX2
2026-09-15T07:13:56.796[15340] INFO txproto::libx264 - profile Constrained Baseline, level 4.2, 4:2:0, 8-bit
2026-09-15T07:13:56.796[15340] INFO txproto::libx264 - 264 - core 164 r3107 a8b68eb - H.264/MPEG-4 AVC codec - Copyleft 2003-2023 - http://www.videolan.org/x264.html - options: cabac=0 ref=1 deblock=0:0:0 analyse=0:0 me=dia subme=0 psy=1 psy_rd=1.00:0.00 mixed_ref=0 me_range=16 chroma_me=1 trellis=0 8x8dct=0 cqm=0 deadzone=21,11 fast_pskip=1 chroma_qp_offset=0 threads=2 lookahead_threads=2 sliced_threads=1 slices=2 nr=0 decimate=1 interlaced=0 bluray_compat=0 constrained_intra=0 bframes=0 weightp=0 keyint=250 keyint_min=25 scenecut=0 intra_refresh=0 rc=abr mbtree=0 bitrate=5000 ratetol=1.0 qcomp=0.60 qpmin=0 qpmax=69 qpstep=4 ip_ratio=1.40 aq=0
2026-09-15T07:13:56.796[15340] INFO txproto::packet sink - Send config packet
2026-09-15T07:13:56.796[15340] INFO kyavservice - Video force IDR
2026-09-15T07:13:56.796[15340] INFO txproto::lavc:libx264 - Force IDR
2026-09-15T07:14:02.049[15340] WARN txproto::lavfi:graph - Dropping filtered frame from output pad "out0" (1 dropped)!
2026-09-15T07:14:02.064[15340] WARN txproto::lavfi:graph - Dropping filtered frame from output pad "out0" (2 dropped)!
2026-09-15T07:14:02.081[15340] WARN txproto::lavfi:graph - Dropping filtered frame from output pad "out0" (3 dropped)!
2026-09-15T07:14:02.098[15340] WARN txproto::lavfi:graph - Dropping filtered frame from output pad "out0" (4 dropped)!
2026-09-15T07:14:02.115[15340] WARN txproto::lavfi:graph - Dropping filtered frame from output pad "out0" (5 dropped)!
2026-09-15T07:14:02.131[15340] WARN txproto::lavfi:graph - Dropping filtered frame from output pad "out0" (6 dropped)!
2026-09-15T07:14:02.148[15340] WARN txproto::lavfi:graph - Dropping filtered frame from output pad "out0" (7 dropped)!
2026-09-15T07:14:02.165[15340] WARN txproto::lavfi:graph - Dropping filtered frame from output pad "out0" (8 dropped)!
2026-09-15T07:14:02.182[15340] WARN txproto::lavfi:graph - Dropping filtered frame from output pad "out0" (9 dropped)!
2026-09-15T07:14:02.198[15340] WARN txproto::lavfi:graph - Dropping filtered frame from output pad "out0" (10 dropped)!
2026-09-15T07:14:02.214[15340] WARN txproto::lavfi:graph - Dropping filtered frame from output pad "out0" (11 dropped)!
2026-09-15T07:14:02.231[15340] WARN txproto::lavfi:graph - Dropping filtered frame from output pad "out0" (12 dropped)!
2026-09-15T07:14:02.248[15340] WARN txproto::lavfi:graph - Dropping filtered frame from output pad "out0" (13 dropped)!
2026-09-15T07:14:02.264[15340] WARN txproto::lavfi:graph - Dropping filtered frame from output pad "out0" (14 dropped)!
2026-09-15T07:14:02.281[15340] WARN txproto::lavfi:graph - Dropping filtered frame from output pad "out0" (15 dropped)!
2026-09-15T07:14:02.298[15340] WARN txproto::lavfi:graph - Dropping filtered frame from output pad "out0" (16 dropped)!
2026-09-15T07:14:02.314[15340] WARN txproto::lavfi:graph - Dropping filtered frame from output pad "out0" (17 dropped)!
2026-09-15T07:14:02.331[15340] WARN txproto::lavfi:graph - Dropping filtered frame from output pad "out0" (18 dropped)!
2026-09-15T07:14:02.348[15340] WARN txproto::lavfi:graph - Dropping filtered frame from output pad "out0" (19 dropped)!
2026-09-15T07:14:02.364[15340] WARN txproto::lavfi:graph - Dropping filtered frame from output pad "out0" (20 dropped)!
2026-09-15T07:14:02.381[15340] WARN txproto::lavfi:graph - Dropping filtered frame from output pad "out0" (21 dropped)!
2026-09-15T07:14:02.398[15340] WARN txproto::lavfi:graph - Dropping filtered frame from output pad "out0" (22 dropped)!
2026-09-15T07:14:02.415[15340] WARN txproto::lavfi:graph - Dropping filtered frame from output pad "out0" (23 dropped)!
2026-09-15T07:14:02.431[15340] WARN txproto::lavfi:graph - Dropping filtered frame from output pad "out0" (24 dropped)!
2026-09-15T07:14:02.448[15340] WARN txproto::lavfi:graph - Dropping filtered frame from output pad "out0" (25 dropped)!
2026-09-15T07:14:02.465[15340] WARN txproto::lavfi:graph - Dropping filtered frame from output pad "out0" (26 dropped)!
2026-09-15T07:14:02.482[15340] WARN txproto::lavfi:graph - Dropping filtered frame from output pad "out0" (27 dropped)!
2026-09-15T07:14:02.498[15340] WARN txproto::lavfi:graph - Dropping filtered frame from output pad "out0" (28 dropped)!
2026-09-15T07:14:02.514[15340] WARN txproto::lavfi:graph - Dropping filtered frame from output pad "out0" (29 dropped)!
2026-09-15T07:14:02.531[15340] WARN txproto::lavfi:graph - Dropping filtered frame from output pad "out0" (30 dropped)!
2026-09-15T07:14:02.548[15340] WARN txproto::lavfi:graph - Dropping filtered frame from output pad "out0" (31 dropped)!
2026-09-15T07:14:02.564[15340] WARN txproto::lavfi:graph - Dropping filtered frame from output pad "out0" (32 dropped)!
2026-09-15T07:14:02.581[15340] WARN txproto::lavfi:graph - Dropping filtered frame from output pad "out0" (33 dropped)!
2026-09-15T07:14:02.598[15340] WARN txproto::lavfi:graph - Dropping filtered frame from output pad "out0" (34 dropped)!
2026-09-15T07:14:02.614[15340] WARN txproto::lavfi:graph - Dropping filtered frame from output pad "out0" (35 dropped)!
2026-09-15T07:14:02.631[15340] WARN txproto::lavfi:graph - Dropping filtered frame from output pad "out0" (36 dropped)!
2026-09-15T07:14:02.648[15340] WARN txproto::lavfi:graph - Dropping filtered frame from output pad "out0" (37 dropped)!
2026-09-15T07:14:02.784[15340] INFO txproto::spout - Spout: New sender registered: "bench-out" (1920x1080)
2026-09-15T07:14:03.184[20300] INFO txproto::spout - Spout: New sender registered: "bench-out" (1920x1080)
2026-09-15T07:24:14.161 INFO actix_web::middleware::logger - ::ffff:127.0.0.1 "GET /ws HTTP/1.1" 101 753 "-" "-" 617.458807
2026-09-15T07:24:14.196[15340] WARN txproto::spout - Spout: sender "bench-out" has no info map, skipping
2026-09-15T07:24:14.196[15340] INFO txproto::spout - Spout: Sender removed!
