23:26:29 === idle ===
23:26:29 idle-1 : 300 s
23:31:38 idle-1 : 18000 décodées, p50 0.026 ms
23:31:40 idle-2 : 300 s
23:36:49 idle-2 : 18000 décodées, p50 0.025 ms
23:36:51 idle-3 : 300 s
23:41:59 idle-3 : 18000 décodées, p50 0.026 ms
23:42:01 === load ===
23:42:18 chaîne K sur « kybench-load » : « bench-out » à 59.9908453969778 fps
23:42:18 load-1 : 300 s, chaîne K sur « kybench-load »
23:47:27 load-1 : 18000 décodées, p50 0.027 ms, K 60.0 fps
23:47:29 load-2 : 300 s, chaîne K sur « kybench-load »
23:52:37 load-2 : 18000 décodées, p50 0.027 ms, K 60.0 fps
23:52:39 load-3 : 300 s, chaîne K sur « kybench-load »
23:57:48 load-3 : 18000 décodées, p50 0.024 ms, K 60.0 fps
23:58:05 === reader ===
23:58:22 chaîne K sur « kybench-src » : « bench-out » à 59.99174513586832 fps
23:58:22 reader-1 : 300 s, kyavserver lit « kybench-src » en même temps que la sonde
00:03:46 reader-1 : 18000 décodées, p50 0.024 ms, K 60.0 fps
00:03:46 === relay ===
00:03:46 relay 3 frames (50,0 ms) : 60 s
00:04:57 relay-50ms : p50 50.093 ms, p99 50.162 ms
00:04:59 relay 7 ms : 60 s
00:06:09 relay-7ms : p50 7.049 ms, p99 7.093 ms
00:06:09 === pacing ===
{
  "no_loss_no_decode_error": {
    "value": {
      "runs": 7,
      "frames": 126000,
      "failures": 0,
      "gaps": 0,
      "duplicates": 0
    },
    "passed": true
  },
  "f0_p50_idle_ms": {
    "value": [
      0.026,
      0.025,
      0.026
    ],
    "threshold": 1.5,
    "passed": true
  },
  "p50_spread_idle_ms": {
    "value": 0.001,
    "threshold": 0.3,
    "passed": true
  },
  "f0_p50_load_ms": {
    "value": [
      0.027,
      0.027,
      0.024
    ],
    "threshold": 1.5,
    "passed": true
  },
  "f0_p99_load_ms": {
    "value": [
      0.051,
      0.05,
      0.051
    ],
    "threshold": 3.0,
    "passed": true
  },
  "p50_spread_load_ms": {
    "value": 0.003,
    "threshold": 0.3,
    "passed": true
  },
  "relay_50ms": {
    "value": {
      "setpoint": 50.0,
      "p50": 50.093,
      "p99_minus_p50": 0.069,
      "clean": true
    },
    "threshold": {
      "tolerance": 0.5,
      "p99_minus_p50": 1.0
    },
    "passed": true
  },
  "relay_7ms": {
    "value": {
      "setpoint": 7.0,
      "p50": 7.049,
      "p99_minus_p50": 0.044,
      "clean": true
    },
    "threshold": {
      "tolerance": 0.5,
      "p99_minus_p50": 1.0
    },
    "passed": true
  },
  "t_pub_jitter_p99_ms": {
    "value": 0.0,
    "threshold": 1.0,
    "passed": true
  },
  "reader_degradation_ms": {
    "value": -0.002,
    "threshold": 0.3,
    "passed": true
  }
}
PASSED
