2026-09-13T22:47:02.840 INFO kyclient - Kyber client. Revision 0.26.0-42-g643ee0e
2026-09-13T22:47:02.843 WARN kyclient::event_loop - TLS verification disabled - connection is NOT secure!
2026-09-13T22:47:02.843 WARN kyclient::platform::http - HTTP client: TLS verification DISABLED
2026-09-13T22:47:02.844 INFO kyclient - Get Host capabilities
2026-09-13T22:47:02.850 INFO kyclient - Logged in with uuid '52eb2325-f78e-4478-85c4-565b05dac29b'
2026-09-13T22:47:02.850 INFO kyclient - Connect to Control Plane
2026-09-13T22:47:02.854 WARN kyclient::platform::tls - TLS verification SKIPPED - connection is NOT secure!
2026-09-13T22:47:02.856 INFO kyclient::platform::host_events - Waiting for control plane authentication...
2026-09-13T22:47:02.856 INFO kyclient::platform::host_events - Control plane authentified
2026-09-13T22:47:02.856 INFO kyclient - Enumerate displays
2026-09-13T22:47:02.856 INFO kyclient::platform::host_events - Setting timeout duration to 60s
2026-09-13T22:47:02.856 INFO kyclient - Got displays: [Display { id: 1777076521, height: 1080, width: 1920, x: 0, y: 0 }]
2026-09-13T22:47:02.856 INFO kyclient - Display list updated: [Display { id: 1777076521, height: 1080, width: 1920, x: 0, y: 0 }]
2026-09-13T22:47:02.856 INFO kyclient::event_loop - Spout output enabled: running windowless (display id Some(1777076521))
2026-09-13T22:47:02.857 INFO kyclient::event_loop - Display list updated
2026-09-13T22:47:02.857 INFO kyclient - Start streaming session
2026-09-13T22:47:02.857 INFO kyclient - StreamingSessionConfig
2026-09-13T22:47:02.857 INFO kyclient - 	protocol: Kymux
2026-09-13T22:47:02.857 INFO kyclient - 		backend: Quic
2026-09-13T22:47:02.857 INFO kyclient - 		video_protocol: Some(Reliable)
2026-09-13T22:47:02.857 INFO kyclient - 		audio_protocol: Some(Reliable)
2026-09-13T22:47:02.857 INFO kyclient - 	bitrate: 20000000
2026-09-13T22:47:02.857 INFO kyclient - 	Video session 0
2026-09-13T22:47:02.857 INFO kyclient - 		display_id: 1777076521
2026-09-13T22:47:02.857 INFO kyclient - 		codec: H264
2026-09-13T22:47:02.857 INFO kyclient - 		yuv444: false
2026-09-13T22:47:02.857 INFO kyclient - 		intra_refresh: None
2026-09-13T22:47:02.857 INFO kyclient - 		video_buffer: 0
2026-09-13T22:47:02.857 INFO kyclient - 	audio: false
2026-09-13T22:47:02.857 INFO kyclient - 	input: false
2026-09-13T22:47:02.858 INFO kyclient::kymux_backend - Connect using Quic backend. Port: 9150
2026-09-13T22:47:02.873 INFO kyclient::kymux_backend::host_service - Session started. SessionId: 3239842936
2026-09-13T22:47:02.873 INFO kyclient::kymux_backend - Using video protocol: Reliable
2026-09-13T22:47:02.969 INFO kyvlcplayer::player - Play video. URI: kymux://127.0.0.1:9090/0
2026-09-13T22:47:02.969 INFO vlc - Audio regulator: kyaudioreg
2026-09-13T22:47:03.063 INFO kyvlcplayer::player - Spout output enabled (D3D11 zero-copy): sender 'bench-out'
2026-09-13T22:47:03.063 INFO kyclient::event_loop - Bitrate changed: 20000000
2026-09-13T22:47:03.064 INFO kycom::connection - TCP connection for endpoint 0
2026-09-13T22:47:03.064 INFO kyclient - Player started
2026-09-13T22:47:03.068 WARN vlc - external ID3D11DeviceContext mutex not provided, using internal one
2026-09-13T22:47:03.072 INFO vlc - Using D3D11VA (AMD  Radeon RX 7800 XT, vendor 1002(ATI), device 747e, revision c8)
2026-09-13T22:47:03.072 WARN vlc - window size missing
