2026-09-13T22:46:59.833 INFO kycontroller - Kyber controller. Revision 0.20.0-66-gb29f8f4
2026-09-13T22:46:59.834 INFO kycontroller::config - Using configuration file "\\\\?\\C:\\Users\\trist\\Workspace\\KyberFrog_WS2\\kyberfrog\\bench\\runs\\2026-09-13-step2\\k-load\\kyber_config.toml"
2026-09-13T22:46:59.834 INFO kycontroller::auth::basic - Basic backend initialized with 1 expected user identities
2026-09-13T22:46:59.834 INFO kycontroller::auth::jwt - JWT backend initialized with algorithm HS256
2026-09-13T22:46:59.834 INFO libkypc::transport::ipc::windows - Creating NamedPipe listener factory, using instance ID 3212-0
2026-09-13T22:46:59.836 INFO kycontroller - Starting watchdog
2026-09-13T22:46:59.842 INFO libkypc::process::windows - Windows Job Object created for child process
2026-09-13T22:46:59.855[1224] INFO kyavserver - Process is now DPI aware
2026-09-13T22:46:59.855[1224] INFO kyavservice - AV service started
2026-09-13T22:46:59.855[1224] INFO kyavservice::config - Using configuration file "\\\\?\\C:\\Users\\trist\\Workspace\\KyberFrog_WS2\\kyberfrog\\bench\\runs\\2026-09-13-step2\\k-load\\kyber_config.toml"
2026-09-13T22:46:59.855[1224] INFO kyavservice - Start display enumeration
2026-09-13T22:46:59.905[1224] INFO txproto::spout - Spout: New sender registered: "kybench-load" (1920x1080)
2026-09-13T22:46:59.905[1224] INFO txproto::spout - Spout: New sender registered: "kybench-load" (1920x1080)
2026-09-13T22:46:59.905 INFO kycontroller - Got initial displays: [Display { id: 1777076521, name: "kybench-load", height: 1080, width: 1920, x: 0, y: 0 }]
2026-09-13T22:46:59.905 INFO kycontroller - HTTP listening on port 9150
2026-09-13T22:46:59.905 INFO kycontroller - Webclient root not found
2026-09-13T22:46:59.906 INFO actix_server::builder - starting 12 workers
2026-09-13T22:46:59.906 INFO actix_server::server - Actix runtime found; starting in Actix runtime
2026-09-13T22:46:59.906 INFO actix_server::server - starting service: "actix-web-service-[::]:9150", workers: 12, listening on: [::]:9150
2026-09-13T22:47:02.850 INFO actix_web::middleware::logger - ::ffff:127.0.0.1 "GET /capabilities HTTP/1.1" 200 46 "-" "-" 0.000185
2026-09-13T22:47:02.850 INFO kycontroller - Logging in "vj"...
2026-09-13T22:47:02.850 INFO actix_web::middleware::logger - ::ffff:127.0.0.1 "POST /session/login HTTP/1.1" 200 189 "-" "-" 0.000158
2026-09-13T22:47:02.856 INFO kycontroller - Websocket token validated and consumed for session 52eb2325-f78e-4478-85c4-565b05dac29b
2026-09-13T22:47:02.856 INFO kycontroller - Session "52eb2325-f78e-4478-85c4-565b05dac29b" controlplane connected
2026-09-13T22:47:02.856 INFO actix_web::middleware::logger - ::ffff:127.0.0.1 "GET /enumerate_displays HTTP/1.1" 200 80 "-" "-" 0.000057
2026-09-13T22:47:02.857 INFO kycontroller::kymux_controller - Starting common Kymux server on address [::]:9150 (supports QUIC + WebTransport)
2026-09-13T22:47:02.857 INFO kycontroller::kymux_controller - Generating short-lived certificate for WebTransport compatibility
2026-09-13T22:47:02.857 INFO kycontroller::kymux_controller - Generated certificate with hash: d831938fd528c38edddda6cc83f4769c92e353ce21db9b64c1942b666474a793
2026-09-13T22:47:02.857 INFO kycontroller::kymux_controller::requests - Kymux started. Public port: 9150
2026-09-13T22:47:02.857 INFO actix_web::middleware::logger - ::ffff:127.0.0.1 "POST /kymux/start_mux HTTP/1.1" 200 269 "-" "-" 0.000735
2026-09-13T22:47:02.858 INFO kycontroller::kymux_controller::server - Waiting for Kymux connections
2026-09-13T22:47:02.860 INFO kycontroller::kymux_controller::server - Kymux connection accepted
2026-09-13T22:47:02.860 INFO kycontroller::kymux_controller::server - Connection routed to session 52eb2325-f78e-4478-85c4-565b05dac29b
2026-09-13T22:47:02.860 INFO kycontroller::kymux_controller - Connection received for session 52eb2325-f78e-4478-85c4-565b05dac29b
2026-09-13T22:47:02.860 INFO kycontroller::avservices_manager - Start Video avservice for display 1777076521 (Shared { display_id: 1777076521 })
2026-09-13T22:47:02.862 INFO libkypc::process::windows - Windows Job Object created for child process
2026-09-13T22:47:02.872[15108] INFO kyavserver - Process is now DPI aware
2026-09-13T22:47:02.872[15108] INFO kyavservice - AV service started
2026-09-13T22:47:02.872[15108] INFO kyavservice::config - Using configuration file "\\\\?\\C:\\Users\\trist\\Workspace\\KyberFrog_WS2\\kyberfrog\\bench\\runs\\2026-09-13-step2\\k-load\\kyber_config.toml"
2026-09-13T22:47:02.873[15108] INFO kyavservice - Start Kymux Video: URI "kymux://127.0.0.1:9091/0", bitrate: 20000000, codec: H264, yuv444: false, intra_refresh: None
2026-09-13T22:47:02.873 WARN kycontroller::kymux_controller - Audio disabled
2026-09-13T22:47:02.873 WARN kycontroller::kymux_controller - Input server disabled
2026-09-13T22:47:02.873 INFO kycontroller::kymux_controller::requests - Session started. SessionId: 3239842936
2026-09-13T22:47:02.873 INFO actix_web::middleware::logger - ::ffff:127.0.0.1 "POST /kymux/start_session HTTP/1.1" 200 157 "-" "-" 0.012637
2026-09-13T22:47:02.873[15108] INFO kyavservice::kymux - Start video, using clock ZeroedOrigin
2026-09-13T22:47:02.873[15108] INFO txproto::packet sink - connecting to URI: kymux://127.0.0.1:9091/0
2026-09-13T22:47:02.874 INFO kycom::connection - TCP connection for endpoint 0
2026-09-13T22:47:02.874[15108] INFO txproto::packet sink - connected to kymux://127.0.0.1:9091/0
2026-09-13T22:47:02.874[15108] INFO kyavservice::video - register_io_cb with api_list: ["spout", "wasapi"]
2026-09-13T22:47:02.931[15108] INFO txproto::spout - Spout: New sender registered: "kybench-load" (1920x1080)
2026-09-13T22:47:02.931[15108] INFO txproto::spout - Spout: New sender registered: "kybench-load" (1920x1080)
2026-09-13T22:47:02.931[15108] INFO kyavservice::video - Start screen grab on display 1777076521
2026-09-13T22:47:02.931[15108] INFO kyavservice::video - Forcing Spout sender "kybench-load" (id 0x69EC0929), ignoring requested display 1777076521
2026-09-13T22:47:02.931[15108] INFO txproto::tx - Using 'spout' backend for video capture
2026-09-13T22:47:02.933[15108] INFO kyavservice::video - libx264 encoder configuration dump:
[kyavserver.video_encoder_config]
tune = "zerolatency"
x264-params = "force-cfr=0"
preset = "ultrafast"
flags = "+global_header"
b = 20000000

2026-09-13T22:47:02.933[15108] INFO kyavservice::video - Create encoder libx264
2026-09-13T22:47:02.933[15108] INFO txproto::spout - Sender sync: access mutex present, frame counting present
2026-09-13T22:47:02.934[15108] INFO txproto::spout - Bound sender texture 1920x1080 (bgra)
2026-09-13T22:47:02.934[15108] INFO txproto::kybench-load - First frame acquired
2026-09-13T22:47:02.949[15108] INFO txproto::libx264 - using cpu capabilities: MMX2 SSE2Fast SSSE3 SSE4.2 AVX FMA3 BMI2 AVX2
2026-09-13T22:47:02.950[15108] INFO txproto::libx264 - profile Constrained Baseline, level 4.2, 4:2:0, 8-bit
2026-09-13T22:47:02.950[15108] INFO txproto::libx264 - 264 - core 164 r3107 a8b68eb - H.264/MPEG-4 AVC codec - Copyleft 2003-2023 - http://www.videolan.org/x264.html - options: cabac=0 ref=1 deblock=0:0:0 analyse=0:0 me=dia subme=0 psy=1 psy_rd=1.00:0.00 mixed_ref=0 me_range=16 chroma_me=1 trellis=0 8x8dct=0 cqm=0 deadzone=21,11 fast_pskip=1 chroma_qp_offset=0 threads=2 lookahead_threads=2 sliced_threads=1 slices=2 nr=0 decimate=1 interlaced=0 bluray_compat=0 constrained_intra=0 bframes=0 weightp=0 keyint=250 keyint_min=25 scenecut=0 intra_refresh=0 rc=abr mbtree=0 bitrate=20000 ratetol=1.0 qcomp=0.60 qpmin=0 qpmax=69 qpstep=4 ip_ratio=1.40 aq=0
2026-09-13T22:47:02.951[15108] INFO txproto::packet sink - Send config packet
2026-09-13T22:47:02.951[15108] INFO kyavservice - Video force IDR
2026-09-13T22:47:02.951[15108] INFO txproto::lavc:libx264 - Force IDR
2026-09-13T22:47:03.907[1224] INFO txproto::spout - Spout: New sender registered: "bench-out" (1920x1080)
2026-09-13T22:47:03.932[15108] INFO txproto::spout - Spout: New sender registered: "bench-out" (1920x1080)
2026-09-13T22:47:14.915[1224] INFO txproto::spout - Spout: New sender registered: "kybench-src" (1920x1080)
2026-09-13T22:47:14.939[15108] INFO txproto::spout - Spout: New sender registered: "kybench-src" (1920x1080)
2026-09-13T22:52:23.126[1224] INFO txproto::spout - Spout: Sender removed!
2026-09-13T22:52:23.169[15108] INFO txproto::spout - Spout: Sender removed!
2026-09-13T22:52:25.128[1224] INFO txproto::spout - Spout: New sender registered: "kybench-src" (1920x1080)
2026-09-13T22:52:25.171[15108] INFO txproto::spout - Spout: New sender registered: "kybench-src" (1920x1080)
2026-09-13T22:57:34.342[1224] INFO txproto::spout - Spout: Sender removed!
2026-09-13T22:57:34.392[15108] INFO txproto::spout - Spout: Sender removed!
2026-09-13T22:57:36.343[1224] INFO txproto::spout - Spout: New sender registered: "kybench-src" (1920x1080)
2026-09-13T22:57:36.394[15108] INFO txproto::spout - Spout: New sender registered: "kybench-src" (1920x1080)
2026-09-13T23:02:44.565[1224] INFO txproto::spout - Spout: Sender removed!
2026-09-13T23:02:44.626[15108] INFO txproto::spout - Spout: Sender removed!
2026-09-13T23:02:46.608 INFO actix_web::middleware::logger - ::ffff:127.0.0.1 "GET /ws HTTP/1.1" 101 1094 "-" "-" 943.752588
2026-09-13T23:02:46.628[15108] WARN txproto::spout - Spout: sender "bench-out" has no info map, skipping
2026-09-13T23:02:46.628[15108] INFO txproto::spout - Spout: Sender removed!
