2026-09-13T23:42:06.909 INFO kyclient - Kyber client. Revision 0.26.0-42-g643ee0e
2026-09-13T23:42:06.912 WARN kyclient::event_loop - TLS verification disabled - connection is NOT secure!
2026-09-13T23:42:06.912 WARN kyclient::platform::http - HTTP client: TLS verification DISABLED
2026-09-13T23:42:06.912 INFO kyclient - Get Host capabilities
2026-09-13T23:42:06.920 INFO kyclient - Logged in with uuid '367913e5-3ead-4070-96da-8074101cdf59'
2026-09-13T23:42:06.920 INFO kyclient - Connect to Control Plane
2026-09-13T23:42:06.924 WARN kyclient::platform::tls - TLS verification SKIPPED - connection is NOT secure!
2026-09-13T23:42:06.924 INFO kyclient::platform::host_events - Waiting for control plane authentication...
2026-09-13T23:42:06.924 INFO kyclient::platform::host_events - Control plane authentified
2026-09-13T23:42:06.924 INFO kyclient - Enumerate displays
2026-09-13T23:42:06.924 INFO kyclient::platform::host_events - Setting timeout duration to 60s
2026-09-13T23:42:06.925 INFO kyclient - Got displays: [Display { id: 1777076521, height: 1080, width: 1920, x: 0, y: 0 }]
2026-09-13T23:42:06.925 INFO kyclient - Display list updated: [Display { id: 1777076521, height: 1080, width: 1920, x: 0, y: 0 }]
2026-09-13T23:42:06.925 INFO kyclient::event_loop - Spout output enabled: running windowless (display id Some(1777076521))
2026-09-13T23:42:06.925 INFO kyclient::event_loop - Display list updated
2026-09-13T23:42:06.925 INFO kyclient - Start streaming session
2026-09-13T23:42:06.925 INFO kyclient - StreamingSessionConfig
2026-09-13T23:42:06.925 INFO kyclient - 	protocol: Kymux
2026-09-13T23:42:06.925 INFO kyclient - 		backend: Quic
2026-09-13T23:42:06.925 INFO kyclient - 		video_protocol: Some(Reliable)
2026-09-13T23:42:06.925 INFO kyclient - 		audio_protocol: Some(Reliable)
2026-09-13T23:42:06.925 INFO kyclient - 	bitrate: 20000000
2026-09-13T23:42:06.925 INFO kyclient - 	Video session 0
2026-09-13T23:42:06.925 INFO kyclient - 		display_id: 1777076521
2026-09-13T23:42:06.925 INFO kyclient - 		codec: H264
2026-09-13T23:42:06.925 INFO kyclient - 		yuv444: false
2026-09-13T23:42:06.925 INFO kyclient - 		intra_refresh: None
2026-09-13T23:42:06.925 INFO kyclient - 		video_buffer: 0
2026-09-13T23:42:06.925 INFO kyclient - 	audio: false
2026-09-13T23:42:06.925 INFO kyclient - 	input: false
2026-09-13T23:42:06.926 INFO kyclient::kymux_backend - Connect using Quic backend. Port: 9150
2026-09-13T23:42:06.941 INFO kyclient::kymux_backend::host_service - Session started. SessionId: 3294872054
2026-09-13T23:42:06.941 INFO kyclient::kymux_backend - Using video protocol: Reliable
2026-09-13T23:42:07.041 INFO kyvlcplayer::player - Play video. URI: kymux://127.0.0.1:9090/0
2026-09-13T23:42:07.041 INFO vlc - Audio regulator: kyaudioreg
2026-09-13T23:42:07.133 INFO kyvlcplayer::player - Spout output enabled (D3D11 zero-copy): sender 'bench-out'
2026-09-13T23:42:07.133 INFO kyclient::event_loop - Bitrate changed: 20000000
2026-09-13T23:42:07.134 INFO kycom::connection - TCP connection for endpoint 0
2026-09-13T23:42:07.135 INFO kyclient - Player started
2026-09-13T23:42:07.138 WARN vlc - external ID3D11DeviceContext mutex not provided, using internal one
2026-09-13T23:42:07.143 INFO vlc - Using D3D11VA (AMD  Radeon RX 7800 XT, vendor 1002(ATI), device 747e, revision c8)
2026-09-13T23:42:07.143 WARN vlc - window size missing
