2026-09-13T23:42:03.892 INFO kycontroller - Kyber controller. Revision 0.20.0-66-gb29f8f4
2026-09-13T23:42:03.893 INFO kycontroller::config - Using configuration file "\\\\?\\C:\\Users\\trist\\Workspace\\KyberFrog_WS2\\kyberfrog\\bench\\runs\\2026-09-13-step2\\k-load\\kyber_config.toml"
2026-09-13T23:42:03.894 INFO kycontroller::auth::basic - Basic backend initialized with 1 expected user identities
2026-09-13T23:42:03.894 INFO kycontroller::auth::jwt - JWT backend initialized with algorithm HS256
2026-09-13T23:42:03.894 INFO libkypc::transport::ipc::windows - Creating NamedPipe listener factory, using instance ID 21944-0
2026-09-13T23:42:03.895 INFO kycontroller - Starting watchdog
2026-09-13T23:42:03.901 INFO libkypc::process::windows - Windows Job Object created for child process
2026-09-13T23:42:03.915[14876] INFO kyavserver - Process is now DPI aware
2026-09-13T23:42:03.915[14876] INFO kyavservice - AV service started
2026-09-13T23:42:03.915[14876] INFO kyavservice::config - Using configuration file "\\\\?\\C:\\Users\\trist\\Workspace\\KyberFrog_WS2\\kyberfrog\\bench\\runs\\2026-09-13-step2\\k-load\\kyber_config.toml"
2026-09-13T23:42:03.915[14876] INFO kyavservice - Start display enumeration
2026-09-13T23:42:03.963[14876] INFO txproto::spout - Spout: New sender registered: "kybench-load" (1920x1080)
2026-09-13T23:42:03.963[14876] INFO txproto::spout - Spout: New sender registered: "kybench-load" (1920x1080)
2026-09-13T23:42:03.963 INFO kycontroller - Got initial displays: [Display { id: 1777076521, name: "kybench-load", height: 1080, width: 1920, x: 0, y: 0 }]
2026-09-13T23:42:03.963 INFO kycontroller - HTTP listening on port 9150
2026-09-13T23:42:03.963 INFO kycontroller - Webclient root not found
2026-09-13T23:42:03.963 INFO actix_server::builder - starting 12 workers
2026-09-13T23:42:03.963 INFO actix_server::server - Actix runtime found; starting in Actix runtime
2026-09-13T23:42:03.963 INFO actix_server::server - starting service: "actix-web-service-[::]:9150", workers: 12, listening on: [::]:9150
2026-09-13T23:42:06.919 INFO actix_web::middleware::logger - ::ffff:127.0.0.1 "GET /capabilities HTTP/1.1" 200 46 "-" "-" 0.000198
2026-09-13T23:42:06.919 INFO kycontroller - Logging in "vj"...
2026-09-13T23:42:06.919 INFO actix_web::middleware::logger - ::ffff:127.0.0.1 "POST /session/login HTTP/1.1" 200 189 "-" "-" 0.000203
2026-09-13T23:42:06.924 INFO kycontroller - Websocket token validated and consumed for session 367913e5-3ead-4070-96da-8074101cdf59
2026-09-13T23:42:06.924 INFO kycontroller - Session "367913e5-3ead-4070-96da-8074101cdf59" controlplane connected
2026-09-13T23:42:06.925 INFO actix_web::middleware::logger - ::ffff:127.0.0.1 "GET /enumerate_displays HTTP/1.1" 200 80 "-" "-" 0.000062
2026-09-13T23:42:06.925 INFO kycontroller::kymux_controller - Starting common Kymux server on address [::]:9150 (supports QUIC + WebTransport)
2026-09-13T23:42:06.925 INFO kycontroller::kymux_controller - Generating short-lived certificate for WebTransport compatibility
2026-09-13T23:42:06.925 INFO kycontroller::kymux_controller - Generated certificate with hash: f3b8fab37774d746360c7c8c5956178c4b853dac987c6903e21b672c86d0fdd4
2026-09-13T23:42:06.926 INFO kycontroller::kymux_controller::requests - Kymux started. Public port: 9150
2026-09-13T23:42:06.926 INFO actix_web::middleware::logger - ::ffff:127.0.0.1 "POST /kymux/start_mux HTTP/1.1" 200 269 "-" "-" 0.000600
2026-09-13T23:42:06.926 INFO kycontroller::kymux_controller::server - Waiting for Kymux connections
2026-09-13T23:42:06.928 INFO kycontroller::kymux_controller::server - Kymux connection accepted
2026-09-13T23:42:06.928 INFO kycontroller::kymux_controller::server - Connection routed to session 367913e5-3ead-4070-96da-8074101cdf59
2026-09-13T23:42:06.928 INFO kycontroller::kymux_controller - Connection received for session 367913e5-3ead-4070-96da-8074101cdf59
2026-09-13T23:42:06.928 INFO kycontroller::avservices_manager - Start Video avservice for display 1777076521 (Shared { display_id: 1777076521 })
2026-09-13T23:42:06.930 INFO libkypc::process::windows - Windows Job Object created for child process
2026-09-13T23:42:06.941[8948] INFO kyavserver - Process is now DPI aware
2026-09-13T23:42:06.941[8948] INFO kyavservice - AV service started
2026-09-13T23:42:06.941[8948] INFO kyavservice::config - Using configuration file "\\\\?\\C:\\Users\\trist\\Workspace\\KyberFrog_WS2\\kyberfrog\\bench\\runs\\2026-09-13-step2\\k-load\\kyber_config.toml"
2026-09-13T23:42:06.941[8948] INFO kyavservice - Start Kymux Video: URI "kymux://127.0.0.1:9091/0", bitrate: 20000000, codec: H264, yuv444: false, intra_refresh: None
2026-09-13T23:42:06.941 WARN kycontroller::kymux_controller - Audio disabled
2026-09-13T23:42:06.941 WARN kycontroller::kymux_controller - Input server disabled
2026-09-13T23:42:06.941 INFO kycontroller::kymux_controller::requests - Session started. SessionId: 3294872054
2026-09-13T23:42:06.941 INFO actix_web::middleware::logger - ::ffff:127.0.0.1 "POST /kymux/start_session HTTP/1.1" 200 157 "-" "-" 0.013356
2026-09-13T23:42:06.942[8948] INFO kyavservice::kymux - Start video, using clock ZeroedOrigin
2026-09-13T23:42:06.942[8948] INFO txproto::packet sink - connecting to URI: kymux://127.0.0.1:9091/0
2026-09-13T23:42:06.942 INFO kycom::connection - TCP connection for endpoint 0
2026-09-13T23:42:06.942[8948] INFO txproto::packet sink - connected to kymux://127.0.0.1:9091/0
2026-09-13T23:42:06.942[8948] INFO kyavservice::video - register_io_cb with api_list: ["spout", "wasapi"]
2026-09-13T23:42:07.002[8948] INFO txproto::spout - Spout: New sender registered: "kybench-load" (1920x1080)
2026-09-13T23:42:07.002[8948] INFO txproto::spout - Spout: New sender registered: "kybench-load" (1920x1080)
2026-09-13T23:42:07.002[8948] INFO kyavservice::video - Start screen grab on display 1777076521
2026-09-13T23:42:07.002[8948] INFO kyavservice::video - Forcing Spout sender "kybench-load" (id 0x69EC0929), ignoring requested display 1777076521
2026-09-13T23:42:07.002[8948] INFO txproto::tx - Using 'spout' backend for video capture
2026-09-13T23:42:07.003[8948] INFO kyavservice::video - libx264 encoder configuration dump:
[kyavserver.video_encoder_config]
x264-params = "force-cfr=0"
preset = "ultrafast"
b = 20000000
flags = "+global_header"
tune = "zerolatency"

2026-09-13T23:42:07.003[8948] INFO kyavservice::video - Create encoder libx264
2026-09-13T23:42:07.004[8948] INFO txproto::spout - Sender sync: access mutex present, frame counting present
2026-09-13T23:42:07.005[8948] INFO txproto::spout - Bound sender texture 1920x1080 (bgra)
2026-09-13T23:42:07.005[8948] INFO txproto::kybench-load - First frame acquired
2026-09-13T23:42:07.018[8948] INFO txproto::libx264 - using cpu capabilities: MMX2 SSE2Fast SSSE3 SSE4.2 AVX FMA3 BMI2 AVX2
2026-09-13T23:42:07.019[8948] INFO txproto::libx264 - profile Constrained Baseline, level 4.2, 4:2:0, 8-bit
2026-09-13T23:42:07.020[8948] INFO txproto::libx264 - 264 - core 164 r3107 a8b68eb - H.264/MPEG-4 AVC codec - Copyleft 2003-2023 - http://www.videolan.org/x264.html - options: cabac=0 ref=1 deblock=0:0:0 analyse=0:0 me=dia subme=0 psy=1 psy_rd=1.00:0.00 mixed_ref=0 me_range=16 chroma_me=1 trellis=0 8x8dct=0 cqm=0 deadzone=21,11 fast_pskip=1 chroma_qp_offset=0 threads=2 lookahead_threads=2 sliced_threads=1 slices=2 nr=0 decimate=1 interlaced=0 bluray_compat=0 constrained_intra=0 bframes=0 weightp=0 keyint=250 keyint_min=25 scenecut=0 intra_refresh=0 rc=abr mbtree=0 bitrate=20000 ratetol=1.0 qcomp=0.60 qpmin=0 qpmax=69 qpstep=4 ip_ratio=1.40 aq=0
2026-09-13T23:42:07.020[8948] INFO txproto::packet sink - Send config packet
2026-09-13T23:42:07.020[8948] INFO kyavservice - Video force IDR
2026-09-13T23:42:07.020[8948] INFO txproto::lavc:libx264 - Force IDR
2026-09-13T23:42:07.968[14876] INFO txproto::spout - Spout: New sender registered: "bench-out" (1920x1080)
2026-09-13T23:42:08.002[8948] INFO txproto::spout - Spout: New sender registered: "bench-out" (1920x1080)
2026-09-13T23:42:18.975[14876] INFO txproto::spout - Spout: New sender registered: "kybench-src" (1920x1080)
2026-09-13T23:42:19.010[8948] INFO txproto::spout - Spout: New sender registered: "kybench-src" (1920x1080)
2026-09-13T23:47:27.208[14876] INFO txproto::spout - Spout: Sender removed!
2026-09-13T23:47:27.228[8948] INFO txproto::spout - Spout: Sender removed!
2026-09-13T23:47:29.210[14876] INFO txproto::spout - Spout: New sender registered: "kybench-src" (1920x1080)
2026-09-13T23:47:29.229[8948] INFO txproto::spout - Spout: New sender registered: "kybench-src" (1920x1080)
2026-09-13T23:52:38.440[14876] INFO txproto::spout - Spout: Sender removed!
2026-09-13T23:52:38.441[8948] INFO txproto::spout - Spout: Sender removed!
2026-09-13T23:52:40.442[14876] INFO txproto::spout - Spout: New sender registered: "kybench-src" (1920x1080)
2026-09-13T23:52:40.442[8948] INFO txproto::spout - Spout: New sender registered: "kybench-src" (1920x1080)
2026-09-13T23:57:48.644[8948] INFO txproto::spout - Spout: Sender removed!
2026-09-13T23:57:48.654[14876] INFO txproto::spout - Spout: Sender removed!
2026-09-13T23:57:50.593 INFO actix_web::middleware::logger - ::ffff:127.0.0.1 "GET /ws HTTP/1.1" 101 1094 "-" "-" 943.669450
2026-09-13T23:57:50.645[8948] WARN txproto::spout - Spout: sender "bench-out" has no info map, skipping
2026-09-13T23:57:50.645[8948] INFO txproto::spout - Spout: Sender removed!
2026-09-13T23:57:50.655[14876] WARN txproto::spout - Spout: sender "bench-out" has no info map, skipping
2026-09-13T23:57:50.655[14876] INFO txproto::spout - Spout: Sender removed!
